// Jest Snapshot v1, https://goo.gl/fbAQLP

exports[`Testing Header component Testing with snapshot 1`] = `
<header>
  <img
    alt="logo"
    className="App-logo"
    src="logo.png"
  />
  <nav>
    <a
      aria-current="page"
      className="active-link"
      href="/"
      onClick={[Function]}
    >
      Rockets
    </a>
    <a
      href="/missions"
      onClick={[Function]}
    >
      Missions
    </a>
    <a
      href="/my-profile"
      onClick={[Function]}
    >
      My Profile
    </a>
  </nav>
</header>
`;
