// Jest Snapshot v1, https://goo.gl/fbAQLP

exports[`Testing RocketList component Testing with snapshot 1`] = `
<ul
  className="rocketList"
/>
`;
